src/payroll/PayrollAdminHome.tsx(1,33): error TS6133: 'useMemo' is declared but its value is never read.
src/payroll/PayrollAdminHome.tsx(8,23): error TS6133: 'StatusType' is declared but its value is never read.
src/payroll/PayrollPeriodBoard.tsx(5,24): error TS6133: 'EmptyState' is declared but its value is never read.
src/payroll/PayrollPeriodBoard.tsx(184,24): error TS6133: 'r' is declared but its value is never read.
src/payroll/ui/StatusBadge.tsx(1,1): error TS6133: 'React' is declared but its value is never read.
